access14
alejandra
alejandro
angelica
angelito
argonaut
argument
arianism
aristides
aristotle
arkansas
arlington
armadillo
armageddon
armagnac
armament
armature
armchair
armenian
armigeri
armonica
armorial
armoured
armstrong
aromatic
arpeggio
arranger
arrastra
arrested
arrogant
arrowhead
arsehole
arsenals
arsenium
arsenous
arsonist
artefact
artesian
artfully
arthemis
artichoke
articles
artifact
artifice
artiller
artistes
artistic
artistry
artworks
aryanism
asamblea
asbestos
asbestus
ascender
ascupart
asfaloth
ashantee
ashberry
ashplant
ashtrays
asilomar
asmodeus
asparagus
asperger
asphodel
asphyxia
aspirant
aspirate
aspiring
assamese
assassin
assation
assemble
assembly
assessed
assessor
assholes
assistant
assisted
assorted
assuming
assumption
assyrian
astasias
astatine
asterias
asterina
asterion
asterisk
asterite
asteroid
asterope
asthenia
astonish
astragal
astrolog
astronaut
astronom
astronomy
asturian
astyanax
asuncion
asystole
atalanta
atalayas
ataraxia
atchison
atheneum
athenian
atherine
athletes
athletic
athletics
atkinson
atlantes
atlantic
atlantis
atmosphere
atomical
atomises
atomizer
atrazine
atreides
atrocity
atropine
attababy
attached
attacher
attacked
attacker
attagirl
attention
attercop
attitude
attorney
attracta
auckland
auctions
audacity
audience
auditing
audition
auditors
auditory
auerbach
auguster
augustin
augustine
augustus
aurelian
aurelius
aureoles
auricula
australia
austrian
authentic
authority
autistic
autobahn
autocide
autocrat
autogiro
autoharp
automata
automate
automatic
autonomy
auxiliar
auxilium
available
avalanche
avantage
avaritia
avellano
avengers
aventure
averages
avestruz
aviation
aviators
aviatrix
avigator
avionics
avocados
avogadro
awabakal
awaiting
awakened
aweather
awesomeness
axhammer
axillary
ayrshire
ayudante
ayurveda
azulejos
babajaga
babbling
babelize
babirusa
babouche
babushka
babyfied
babygirl
babyhood
babylike
babysitter
baccarat
bachelor
bachichi
bacilary
bacillus
backache
backband
backbeat
backbend
backbite
backbone
backchat
backdoor
backdown
backdrop
backfire
backflip
backflow
backhand
backhoes
backlash
backlins
backpack
backpage
backrest
backroom
backseat
backsets
backside
backsite
backspace
backspin
backstab
backster
backstop
backstreet
backstroke
backtalk
backwall
backward
backwash
backwood
backword
backyard
bacteria
badasses
badinage
badlands
badminton
badmouth
bafflers
bagpiper
bagpipes
baguette
bagwoman
bahamian
baiocchi
bakehead
bakeshop
bakeware
baladine
balanced
balances
balandra
balangay
balarama
balatong
baldakin
balderdash
baldhead
baldness
baldrick
balefire
balestra
balibago
balinese
ballader
ballades
ballerina
balletic
ballgame
ballgown
ballhawk
ballista
ballocks
balloons
ballpark
ballroom
ballyhoo
balmoral
balsamic
baltimore
bambinos
bamboula
banality
bancroft
bandages
bandanna
bandicoot
bandidos
bandolero
bandpass
bandsmen
bandster
bangalow
bangkoks
bangladesh
bangster
bangtail
banished
banisher
banister
bankbook
bankcard
bankings
banknote
bankroll
bankrupt
banksias
bankside
banlieue
banquets
banshees
bantayan
bantings
baphomet
baptised
baptista
baptiste
baptists
baptized
barabara
barabbas
baraddur
barangay
barathea
barbacoa
barbados
barbarea
barbaric
barbasco
barbecue
barbeiro
barbells
barbeque
barberry
barbette
barbican
barbital
barbotte
barbwire
barcelona
bardolph
bareback
bareboat
barefoot
bargains
barillas
baritone
barleduc
barnabas
barnacle
barndoor
barnyard
baroness
baronets
baronnes
barracks
barracuda
barragan
barranca
barranco
barreled
barreler
barrener
barrette
barriers
barrington
barstool
bartender
bartholomew
bartizan
bartlett
baseball
baseband
basecoat
baseline
basement
basenjis
bashment
basileus
basilica
basilisk
basilius
basketball
bassanio
bassette
bassinet
bassoons
basswood
bastaard
bastarda
bastards
bastardy
bastille
batching
bathrobe
bathroom
bathtubs
bathurst
battalia
battered
batterie
battlefield
battling
batwings
batwoman
batwomen
baudrons
bauhinia
bavarian
bayadere
bayberry
bayreuth
baywoods
bazookas
beachboy
beaching
beadwork
beakhead
beanbags
beanball
beanpole
bearable
bearcats
beardown
bearfoot
bearhugs
bearings
bearskin
bearward
bearwood
beasties
beastman
beatific
beatless
beatniks
beatrice
beaucoup
beaufort
beaumont
beauties
beautiful
bebopper
bechamel
bechuana
beckoned
beckoner
becoming
bedazzle
bedecked
bedivere
bedlight
bedmaker
bedrench
bedrooms
bedsheet
bedstand
bedstead
bedtimes
bedwards
beechnut
beechwood
beefcake
beefiest
beehives
beesting
beeswing
beethoven
beetroot
beginner
begonias
begotten
behavior
behemoth
beholder
beignets
belander
belching
belgrade
believed
believer
believes
bellabella
belladonna
bellatrix
bellbird
bellboys
bellevue
belluine
bellwood
bellybutton
bellyman
beloveds
beltline
belvedere
belzebub
benadryl
benchman
benedick
benedict
benedicto
benedikt
benefice
benefits
benjamen
benjamin
bentwood
benvolio
benyamin
benzoate
bepretty
bepurple
berberis
berberry
berceuse
berenice
berettas
bergamot
berglund
beriberi
berkeley
berliner
berlines
bermudas
bernadine
bernardino
bernardo
bernhard
bernicia
berniece
berretta
berrigan
berryman
berserker
berthing
berthold
bertrand
beryline
besmirch
bespirit
bespread
bessemer
betaines
betelnut
bethesda
betravel
betrayal
betrayed
betrayer
beverage
bewitched
bewizard
bezaleel
bezzling
bhandari
biblical
bicameral
bicolors
bicuspid
bicycles
biennial
bienvenu
bigdaddy
bigfoots
bigheads
bighorns
bigmouth
bilander
bilberry
billabong
billette
billetty
billfish
billfold
billhead
billiard
billiards
billiken
billings
billions
billtong
billyboy
biltmore
binaural
bindings
bioblast
biogenic
biohazard
biologic
birdbath
birdcage
birdcall
birdhouse
birdland
birdlife
birdling
birdnest
birdsall
birdseed
birdseye
birdshot
birdsong
birgitta
birkhead
birmingham
birthday
birthdays
birthing
biscuits
bisexual
bismarck
bismillah
bitchery
bitchier
bitching
biteable
bitewing
bittersweet
bivalvia
bizzarro
blackarm
blackberry
blackbird
blackboy
blackburn
blackcap
blackdragon
blackest
blackeye
blackfire
blackfly
blackfoot
blackheart
blackies
blacking
blackish
blackjack
blacklist
blackman
blackness
blackout
blackpot
blackrag
blacksmith
blackstone
blacktop
blackwell
blackwood
bladders
blanchard
blanches
blankets
blasters
blasting
blastman
blastoff
blastoma
blastula
bleached
bleaches
bleakest
bleating
bleeders
bleeding
bleeping
blenders
blending
blenheim
blessing
blessings
blimbing
blinders
blinding
blindman
blinkers
blinking
blissful
blisters
blitzkrieg
blizzard
blockade
blockage
blockbuster
blockers
blockhead
blocking
blockman
blockout
blomberg
blondine
blondish
bloodbath
bloodhound
blooding
bloodline
bloodlust
bloodred
bloomers
bloomfield
blooming
bloopers
blooping
blossoms
blossomy
blowback
blowfish
blowhard
blowhole
blowings
blowjobs
blowlamp
blowouts
blubbers
blubbery
blubbing
bludgeon
blueback
blueball
blueballs
bluebell
bluebells
blueberries
blueberry
bluebill
bluebird
bluebirds
blueblack
bluebook
bluecoat
bluedragon
bluefins
bluefish
bluegill
bluegrass
bluehead
bluejack
bluejays
bluelegs
blueline
blueness
bluenose
blueprint
bluesman
bluestem
bluetick
blueweed
bluewing
bluewood
bluffing
blunders
blushers
blushing
blusters
boarders
boarding
boardman
boastful
boathead
boatload
bobolink
bobtails
bobwhite
bocaccio
bodacious
bodywise
bodywork
bogeyman
bogieman
bogotana
bohemian
bohemias
boilover
boiserie
boisseau
boldface
boldness
bolivars
bollards
bollocks
bolloxed
bollworm
bolognas
bombadil
bombastic
bombilla
bombline
bombshell
bonanzas
bondsman
bonefish
bonehead
boneless
boneyard
bongrace
bonhomie
bonhomme
boniface
bonnibel
bonniest
bontebok
boofhead
boogaloo
boogeyman
boogyman
bookable
bookcase
bookends
bookings
bookless
booklist
bookmark
bookroom
bookshop
bookwork
bookworm
boomboat
boomerang
boomster
boomtown
boondock
boondocks
boosters
bootheel
bootjack
bootlace
bootlegs
bootlick
bordeaux
borealis
borehole
borghese
boroughs
borracha
borrasca
borrelia
borrowed
bossiest
botanica
botanics
botching
bothered
botswana
bottlers
bottling
botulism
bouchons
bouffant
bouillon
boulders
boulevard
bouncers
bouncing
boundary
bounding
bouquets
bourbons
bourdons
bourgade
bourreau
boutique
bouzouki
bowbells
bowditch
bowlings
bowmaker
boxboard
boxiness
boychick
boyfriend
boyfriends
boylston
boyology
bracelet
braceros
brackens
brackets
brackish
bradbury
bradford
bradshaw
bradypus
braehead
braeside
braggart
brahmana
brahmans
brahmins
braiders
braiding
brainard
brainier
braining
brainpan
brambles
brancher
branches
brandeis
branders
brandies
branding
brandish
branners
brantley
brashier
brasilia
brassard
brassica
brawlers
brazilian
breadbox
breadman
breadnut
breakage
breakaway
breakdown
breakers
breakfast
breaking
breakoff
breakout
breakups
breasted
breaster
breastie
breather
breathless
breeches
breeders
breeding
breezing
brethren
brewster
brezhnev
brickles
brickred
brickset
bricktop
bricoles
bridging
briefing
brigades
brighten
brighter
brighteyes
brightly
brighton
brillante
brilliant
brimmers
brindisi
bringela
bringing
brinston
brioches
brisbane
bristles
bristols
britchel
britches
brittany
brittles
broadband
broadway
broccoli
brockish
brocolis
broderic
broderick
broderie
brodiaea
brodyaga
broilers
brokenhearted
brokered
bromelia
bromines
bronchos
brooding
brooking
brooklet
brooklyn
brookside
brotchen
brotherhood
brothers
brouette
brougham
brouhaha
browbeat
brownell
brownian
brownies
browning
brownish
brownout
browsers
browsing
brucella
bruckner
bruisers
brujeria
brumaire
brumbies
brunches
brunella
brunette
brunhild
brunswick
brushcut
brushing
brushman
brussels
brynhild
bubblers
bubblier
bubblies
bubbling
bubblish
buccaneers
buchanan
buchwald
buckaroo
buckeroo
buckeyes
buckhead
buckhorn
buckland
buckling
bucknell
buckshee
buckshot
buckskin
bucktail
buckwheat
budapest
buddhism
buddhist
buddling
buddying
budweiser
buffalos
buffball
buffered
bugaboos
bughouse
builders
building
bukidnon
bulgaria
bulkhead
bulldogs
bulldozer
bulletin
bulletproof
bullfoot
bullfrog
bullhead
bullhorn
bullions
bullocks
bullring
bullrush
bullseye
bullshit
bullshot
bullyboy
bullying
bullyrag
bumblebee
bumbling
bumpiest
bumpkins
bunching
buncombe
bungalow
bunghole
bunkered
bunkmate
burberry
burgoyne
burgundy
burlington
burnfire
burnings
burnouts
burnside
burnwood
burrhead
burritos
bursting
bushbaby
bushbuck
bushfire
bushland
bushnell
bushwack
bushwood
business
busthead
busybody
busyness
butchers
butchery
butterball
buttercup
buttercups
buttered
butterflies
butterfly
butteris
buttermilk
butternut
butterscotch
butthead
buttocks
buttoner
buttress
buzzards
buzzbomb
buzzsaws
buzzword
cabalist
caballer
caballero
caballeros
caballos
cabarets
cabbaged
cabbages
cabecera
cabecudo
cabernet
cabestro
cabezone
cabezons
cabinets
cabirian
cableman
caboceer
caboodle
cabotage
cabresto
cabrilla
cabriole
cachexia
cachucha
cachucho
caciques
cadastre
cadavers
cadettes
cadillac
caduceus
caecilia
caffeina
caffeine
cageling
cahuilla
caixinha
cakewalk
calabari
calabash
calabaza
calabozo
caladium
calamari
calamine
calamity
calander
calandra
calandre
calangay
calathea
calciner
calcular
calculator
calculus
calcutta
calderas
calderon
caldwell
calendar
calender
calibers
caliburn
california
calindas
calisaya
callaghan
callahan
callaloo
callback
calliope
callisto
calmecac
calmness
calories
caloyers
calpulli
calvados
calvaire
calvaria
calzones
camalote
camarada
camarade
camarera
cambiata
cambodia
cambogia
cambrian
cambridge
cameleon
camelias
camelina
camelion
camellia
camellin
camellus
camelman
camerata
camerina
cameroon
cameroun
camillus
camisade
camisado
camisole
camomile
campagna
campagne
campaign
campania
campanile
campbell
campeche
campfire
camphire
campings
campions
campongs
camporee
campsite
camshaft
canadian
canaglia
canaille
canalete
canapina
canarian
canaries
canastas
canaster
canberra
canceled
cancelli
canchito
candelas
candidas
candyfloss
canfield
canicula
canister
cannabis
cannelle
cannibal
cannings
cannonball
canoeing
canoodle
cantador
cantando
canterbury
cantinas
cantoral
cantoria
capacity
capetown
capibara
capitals
capitana
capitano
capitols
capnomor
caponata
cappella
cappuccino
caprices
capricio
capricorn
capriola
capsicum
capsized
capstone
capsules
captains
captious
captives
captured
capuchin
capucine
capybara
carabine
caracara
caracole
caracoles
caracoli
caracter
carageen
carambola
caramels
carancho
carapace
caravans
carberry
carbolic
carboloy
carcajou
cardamon
cardiacs
cardiant
cardigan
cardinal
cardinals
cardines
cardroom
carefree
carefull
careless
careworn
cargador
caribbean
caricatura
carillon
cariocas
carleton
carlines
carlings
carlisle
carmella
carmichael
carmines
carnally
carnation
carnegie
carnifex
carnival
carolina
caroline
caroling
carousal
carousel
carpenter
carpinus
carreton
carretta
carriage
carriers
carrions
carrottop
carrozza
carrying
carryout
cartable
carthage
cartoons
cartwright
carvings
casablanca
casanova
cascabel
cascaded
cascades
cascadia
cascalho
cascaras
cascaron
cascavel
casemate
casement
casework
cashbook
cashgirl
cashiers
cashless
cashmere
casimere
cassandra
cassette
cassiopeia
castalia
castanet
castaway
castelli
castilla
castillo
castings
castling
castores
castorin
castrate
casually
casualty
catacomb
catalina
catalpas
catalufa
catalyst
catapult
cataract
catbirds
catcalls
catchall
catchers
catching
category
catenary
catenate
catering
caterpillar
catfaces
catfight
cathedra
cathedral
catherine
catheter
cathetus
catholic
cathouse
catoctin
catskill
catspaws
catstone
cattails
cattleya
catwalks
caudillo
cauldron
caulking
causeway
cautions
cautious
cavalero
cavalier
cavaliers
cavallas
cavatina
cavilers
caviller
caviness
caviteno
cavities
cavorter
cecilius
cecropia
ceilidhe
ceilings
celanese
celarent
celeborn
celebrate
celebrity
celerity
celestes
celestial
celestina
celestine
celibacy
celibate
cellaret
cellmate
celloist
cellphone
cellular
cementer
cemetary
cemetery
cenation
cenobite
cenozoic
censored
centauri
centaurs
centaury
centavos
centered
centimes
centinel
centones
centrale
centrals
centrode
centuria
centurion
cephalad
cephalic
ceramics
ceratops
cerberus
cerebral
cerebrum
ceremony
certified
cerulean
cervantes
cervical
cesarean
cesarian
cessions
cesspool
cestrian
cetacean
ceviches
chaconne
chadelle
chadless
chadwick
chagrins
chairman
chairway
chaldean
chalking
challenge
challenger
challote
chalmers
chaloupe
chamberlain
chambers
chambray
chambrel
chameleon
chamorro
champaca
champagne
champain
champaka
champers
champian
champine
champion
champions
championship
chancery
chanchito
chancier
chancito
chandala
chandler
changers
changing
channels
chansons
chantage
chanters
chanteur
chantier
chantilly
chanting
chanukah
chaparro
chapelet
chaperon
chaplain
chappies
chapstick
chapters
chaqueta
character
characters
charales
charango
charcoal
charette
chargers
charging
chariots
charisma
charissa
charites
charlady
charleston
charleys
charlies
charlock
charlotte
charlton
charmers
charmian
charming
charneco
charnock
charquis
charrier
charring
charters
charting
chartres
chastise
chastity
chastize
chateaus
chateaux
chatelet
chattels
chatterbox
chatters
chattier
chatties
chatting
chatwood
chaudron
chauffer
chauncey
chavante
chayotes
cheapest
cheaters
cheating
checkers
checking
checkmate
checkout
checksum
checkups
cheddars
cheepers
cheerful
cheerily
cheering
cheerios
cheerlead
cheerleader
cheerleading
cheerled
cheeseburger
cheesecake
cheesier
cheetahs
cheffing
chehalis
cheilion
cheliped
chellean
chelonia
cheltenham
chemical
chemistry
chemists
chenille
chequers
cherchez
cherokee
cherried
cherries
cherryblossom
chertsey
cherubim
cherubin
cheshire
chessman
chessmen
chestnut
chevalier
cheviots
chevrolet
chevrons
chewable
cheyenne
chicadee
chicanes
chicanos
chickadee
chickees
chickens
chickies
chickory
chickpea
chiclero
chicness
chiffons
chiggers
chihuahua
childhood
childish
children
chileans
chiliast
chilidog
chillers
chillies
chilling
chillums
chiltern
chimaera
chimeras
chimique
chimneys
chimpanzee
chinaman
chinatown
chinches
chinchilla
chinkara
chinkers
chinless
chinners
chinooks
chinotto
chipchap
chipchop
chipmuck
chipmunk
chipmunks
chippers
chippewa
chippier
chippies
chipping
chiquito
chiriana
chirimia
chirolas
chirping
chiseled
chiseler
chisholm
chitarra
chitchat
chitlins
chitrali
chitters
chivalry
chlorine
chocoholic
chocolate
chocolates
choctaws
choirboy
choleric
chompers
chomping
choochoo
chookies
choosing
choppers
chopstick
chopsticks
chordata
choreman
chorizos
chortler
chortles
chouette
chowchow
chowtime
chrismon
chrissie
christed
christen
christian
christiana
christiano
christie
christina
christine
christly
christmas
christom
christoper
christoph
christophe
christopher
christos
chromate
chromium
chronica
chronicle
chronicles
chronics
chrysanthemum
chrysaor
chryseis
chrysler
chthonic
chubasco
chubbier
chuckies
chucking
chuckles
chuffing
chugalug
chuggers
chumming
chunking
churched
churches
churchill
churinga
churlish
churners
chutzpah
chymosin
cicatrix
cicerone
cichlids
cigarets
cilantro
cimbalom
cimmaron
cimmeria
cincinnati
cindered
cinderella
cingular
cingulum
cinnabar
cinnamic
cinnamon
cinquain
circling
circuits
circular
cisterna
citation
citicorp
citified
citizens
citoyens
cityward
citywide
civilian
civility
civilize
clackers
cladding
claiborn
claiming
clambake
clambers
clammers
clangers
clanging
clanking
clannish
clansman
clapotis
clappers
clapping
claptrap
clarance
claremont
clarence
clarendon
claribel
clarinda
clarinet
clarissa
clarisse
clarsach
clashers
clashing
classical
classico
classics
classified
classify
classmate
classroom
claudell
claudian
claudius
claustra
clausula
clavecin
clavicle
claybank
clayborn
claymore
cleaners
cleaning
cleansed
cleanser
cleanups
clearcut
clearing
clearwater
clearway
cleavage
cleavers
clematis
clemence
clemency
clemente
clementina
clementine
clements
clencher
cleopatra
clerical
cleveland
cleverly
clickers
clicking
clifford
climbers
climbing
clincher
clinging
clinical
clinkers
clippers
clitoral
clitoria
clitoris
cloaking
clochard
clockers
clocking
clockwork
clogging
cloister
clothier
clothing
clovered
clowning
clubbers
clubbing
clubfeet
clubfoot
clubhouse
clubland
clubroom
clubster
clubwood
clueless
clunkers
clusters
clutcher
cnidaria
coaching
coachman
coachway
coalesce
coalfish
coalhole
coalyard
coasters
coastguard
cobblers
cocacola
cocaines
cochairs
cochlear
cochrane
cocinera
cocinero
cockapoo
cockatoo
cockerel
cockfish
cockhead
cockneys
cockroach
cocksure
cocktail
cockweed
cocoanut
cocobola
cocobolo
coconino
coconuco
coconuts
cocorico
cocottes
codeword
codpiece
codshead
coercion
coercive
cogitate
cognovit
coherent
cohesion
cohesive
coiffeur
coiffure
coincide
colander
coldness
coleslaw
coliseum
collagen
collages
collapse
collards
collared
collection
collects
colleens
colleges
colletes
colletia
collided
collides
colliers
colliery
colloids
colocolo
colombia
colombian
colonels
colonial
colonials
colonist
colonize
colorado
colorama
colorate
colorful
coloring
colorist
colorman
colossal
colossus
coloured
colourful
coltpixy
columban
columbia
columbus
columnar
colville
comanche
comatose
combined
combines
comeback
comedian
comedown
comforts
comitiva
commander
commando
commandos
commands
commence
commenda
comments
commerce
commodore
commoner
commonly
communal
communication
community
commuter
comorado
compacts
compadre
compania
compared
compares
comparsa
compassion
compiled
compiler
complain
complete
complicated
complice
complies
composer
composes
compound
comprest
computer
computers
computes
comrades
comstock
comtesse
conceded
conceited
conceive
concepts
concerns
concerto
concerts
conclave
conclude
concolor
concords
concours
concrete
concurso
condense
condones
condores
conehead
conenose
confeder
confession
confessions
confetti
confetto
confidence
confident
confidential
confined
conflict
confound
confront
confused
confuser
confusion
congrats
congreso
congress
congreve
conifers
coniosis
conjugal
conjurer
connally
connected
connection
connects
conquers
conquest
conserve
consider
consigne
consoler
consoles
conspire
constance
constant
constantin
constantine
constantino
consular
consulta
consumed
consumer
contacts
contains
contempt
contents
contessa
continental
continua
continue
continuo
contorno
contortionist
contours
contract
contrada
contrail
contrary
contrast
contrite
controls
convento
convents
converge
converse
conversi
conveyor
convicts
convivio
cookbook
cookings
cookware
coolabah
coolaman
coolamon
coolibah
coolidge
cooliman
coolings
coolness
coonskin
coontail
copeland
copenhagen
copperas
copybook
copycats
copyright
coquette
coquilla
coquitos
coracoid
coraggio
coralita
corallus
corbinas
corcoran
cordelia
cordelle
cordiner
cordless
cordobas
cordovan
corduroy
cordwood
corinthians
corkboard
cornball
cornbread
corncake
corncobs
cornelia
cornelius
cornered
cornerstone
cornette
cornetto
cornflakes
cornhole
cornhusk
corniche
cornicle
cornmeal
cornrows
cornwall
corollas
coronado
coronary
corporal
corpsman
corpsmen
corrente
corridas
corridor
corsican
cortland
corvette
corvetto
corvinas
corydora
cosgrove
cosmetic
cosmopolitan
cossacks
cossette
costello
costumer
costumes
cotillon
cotswold
cottager
cottages
cotterel
cottrell
couching
coulisse
councils
countdown
counters
counterstrike
countess
counties
counting
countree
countrie
coupling
courages
couriers
couronne
courtage
courters
courtesy
courtier
courting
courtnay
courtney
couscous
couteaux
coutures
couverte
covalent
covenant
coventry
coverage
coverall
covering
coviello
covington
cowardly
cowbells
cowberry
cowgirls
cowhouse
cowichan
coworker
cowpokes
cowpunch
coxswain
coziness
crabbers
crabbing
crabfish
crabmeat
crackerjack
crackers
cracking
crackles
crackpot
crackups
crafting
cramming
cranberries
cranberry
crandall
craneman
cranford
crankest
crankman
crankpin
cranston
crappers
crappies
crapping
crashers
crashing
cravings
crawfish
crawford
crawlers
crawling
crayfish
craziest
craziness
crazycat
creamcup
creamers
creamery
creamier
creaming
creancer
creasers
creatine
creating
creation
creative
creators
creatrix
creature
credence
credenda
credible
creditor
creeling
creepage
creepers
creeping
creighton
cremator
cremorne
cremosin
crenated
creolite
creosote
crescent
cressida
cretacic
cretonne
crevasse
crevette
cribbage
cribbers
cricetus
crichton
crickets
criminal
criminis
criminology
crimsons
cringles
crinkles
criollas
criollos
crippled
crippler
crispers
crispins
cristate
cristian
cristiano
cristina
cristino
cristobal
criteria
critical
critique
critters
croatian
crockard
crockett
crocodile
crofters
croisade
cromlech
cromwell
cropping
croquets
crosette
crossbar
crossbow
crosscut
crossers
crossfire
crossing
crossley
crossover
crossroads
crossway
crossword
crotalus
crotchet
croucher
crouchie
croupier
croutons
crowbait
crowfoot
crowners
crowning
crucible
crucifix
cruelest
crueller
cruisers
cruising
crumbled
crumbles
crumpets
crumpled
crumpler
cruncher
crusader
crusaders
crusades
crushers
crushing
crutches
cruzados
cruzeiro
cryolite
crystall
crystals
cuarenta
cubanite
cubature
cubicles
cubiculo
cuboidal
cucaracha
cuckhold
cucullus
cucumber
cuddlier
cuddling
cudgerie
cufflink
culinary
culpable
culprits
cultivar
cultural
cultured
cultures
culverin
cumberland
cumbrian
cummings
cumulous
cuniform
cunningham
cupboard
cupcakes
cupidity
cupidone
curbside
curiosos
curliest
curlycue
currants
currency
currents
cursillo
curtains
curteous
curucucu
curupira
cushions
custodia
customer
cutdowns
cuteness
cutgrass
cuthbert
cuticles
cuticula
cuttings
cyanosis
cyclades
cyclamen
cyclical
cyclones
cyclonic
cyclopes
cylinder
cynosure
cynthian
cynthius
cyprinus
cyrillic
cytherea
cytheria
cytology
cytozoon
czaritza
czechoslovakia
dabchick
daddling
daedalus
daemonic
daffodil
dagestan
daggling
daibutsu
daiquiri
dairylea
dairyman
dalloway
dalmatian
damascus
damaskin
damocles
danaidae
dandelion
dandered
dandruff
dangered
dangerous
dangling
danielic
danielle
dankness
danseuse
danziger
daphnean
dappling
darbukka
daredevil
darjeeling
darkcity
darkdoor
darkened
darkling
darklord
darkness
darkroom
darkskin
darksome
darlings
darshana
dartmoor
dashboard
databank
database
datebook
dateless
dateline
datetime
daughter
daughters
dauphine
dauphins
davenport
davidian
davidson
dawnward
daybreak
daydream
daydreamer
daylight
dazzlers
dazzling
deadbeat
deadbolt
deadcity
deadener
deadeyes
deadfall
deadhead
deadline
deadlock
deadness
deadwood
deafness
dearborn
dearling
dearness
deathbed
deathday
debaters
debating
debility
debonair
debugged
debutant
decadent
decaying
deceased
deceived
deceiver
december
decennia
decenter
deception
deciding
decimals
decimate
decipher
decision
decisive
deckhand
deckhead
declined
decorate
decorous
decrease
decrepid
decrepit
decurion
dedicate
deemster
deepness
deerhorn
deerkill
deermeat
deerskin
deerweed
deerwood
defacers
defaults
defeated
defeater
defecate
defected
defended
defender
defensed
defenser
defenses
defensor
defiable
defiance
defining
definite
deflower
deforest
deformed
defreeze
deftness
degrease
dejected
dejeuner
delainey
delaware
delegate
delicacy
delicate
delicious
delictum
delights
delirious
delirium
delivery
delmarva
deloused
delphian
delphine
deltoids
delusion
delusive
delusory
demander
demeanor
demented
dementia
demerara
demetris
demetrius
demigods
demilich
demilune
demimark
democrat
demolish
demolition
demoness
demoniac
demonian
demonise
demonish
demonism
demonist
demonize
demophil
dempster
denarius
dendrite
dendroid
dendrons
denebola
denethor
dennison
denounce
dentaria
dentelle
dentinal
dentistry
dentists
dentures
departed
depender
dephlegm
depicted
depleted
deported
deposito
depraved
depressed
depression
deprived
deputies
deputise
deputize
derailed
deranged
deration
derelict
deringer
dernhelm
derricks
descartes
describe
desdemona
deserted
deserter
deserves
desiderata
designed
designer
desirous
desktops
desolate
despairs
despatch
desperado
desperate
despotic
desserts
destination
destined
destress
destroyer
destroys
destruct
destruction
detached
detailed
detainee
detected
detective
detector
detering
determination
determined
detester
dethrone
detonate
detritus
deuteron
deutsche
deutschland
devachan
devaraja
develope
deviance
deviates
devildom
deviless
deviling
devilish
devilism
devility
devilize
devilkin
devilman
devising
devonian
devotees
devotion
devoured
dewberry
dewdrops
dewlight
dextrose
dextrous
diabetes
diabetic
diabolic
diabolos
diabolus
diagnose
diagonal
dialogue
dialysis
diamante
diameter
diamonds
diandria
dianthus
diapason
diarrhea
diaspora
diastema
diastole
diatonic
diazepam
dickerson
dickinson
dictamen
dictates
dictator
dictionary
diddling
diegueno
diehards
diemaker
dietrich
different
difficulty
diffuser
diffusor
diggable
digitals
digitize
digitron
dilatory
diletant
diligent
dillinger
dillweed
dillyman
dilution
dimension
dimetria
diminish
dingbats
dingdong
dingling
dingwall
dinheiro
dinosaur
dinosaurs
diocesan
diogenes
diomedes
dionisio
dionysia
dionysus
dipchick
diplomas
diplomat
diplomats
dipsetic
dipsosis
dipstick
directed
directer
directly
director
direness
dirtbird
disabled
disagree
disarray
disaster
disburse
disciple
disclaim
disclose
discount
discover
discovery
discreet
discrete
diseased
diseases
disgorge
disgrace
disguise
dishrags
dishwasher
disjecta
diskette
dislikes
dismount
disneyland
disorder
disowned
dispatch
displace
displays
disposal
disposer
disraeli
dissolve
distance
distillers
distinct
distract
distress
district
distrito
distrust
disturbed
ditalini
ditching
diuretic
divebomb
diversion
dividend
divident
dividing
divining
divinity
division
divorced
divorcee
divorces
dizzying
djakarta
djibouti
doberman
dockside
dockyard
doctress
doctrine
document
dogberry
dogfaces
dogfight
doghouse
dogmatic
dogmouth
dogsbody
dogstone
dogwatch
dogwoods
doldrums
dolichos
dolittle
dollface
dollhouse
dollying
dollyman
dolomite
doloroso
dolorous
dolphins
domenico
domestic
domicile
dominant
dominate
domination
dominator
dominica
dominican
dominick
dominion
dominique
dominoes
domitian
donaldson
donaries
donation
doncella
dondaine
donnelly
donzella
doodlebug
doodling
doomlike
doomsday
doorbell
doorknob
doorless
doormats
doornail
doorstep
doorstop
doorways
dopamine
dopehead
dopester
dormouse
dorothea
dorsales
dortmund
douanier
doubloon
doubtful
douceurs
doughboy
dougherty
doughman
doughnut
doughnuts
douglass
dovecote
dovetail
dovewood
dowjones
downbeat
downcast
downfall
downhill
downland
downline
downlink
download
downness
downpipe
downpour
downside
downtime
downtown
downturn
downward
downwind
doxology
dracaena
draconic
draconis
drafters
drafting
draftman
dragboat
dragging
dragline
dragoman
dragonet
dragonfly
dragonne
dragoons
dragster
drainage
draining
dramatic
draughts
drawback
drawings
drawling
dreadful
dreamers
dreamier
dreamily
dreaming
dreamland
dreamworld
dredging
dreiling
drenched
drencher
dressage
dressing
dressoir
dreyfuss
dribbler
dribbles
drifters
drifting
drighten
drillbit
drillers
drilling
drinkers
drinking
dripless
dripping
driscoll
driveway
drivings
drizzled
drizzles
droiture
drooling
dropkick
droplets
droppers
dropshot
droughts
drowning
druggies
druidess
drumbeat
drumfish
drumhead
drumline
drummers
drumming
drummond
drumroll
drumstick
drunkard
duchesse
duckling
dulcinea
dumbledore
dumpling
duquesne
dutchess
dynamics
dynamite
earendil
earrings
eastlake
eastwood
ebenezer
economic
economics
edelweiss
edgerton
edgewise
edinburgh
edmonton
education
educator
eggplant
egyptian
eiderdown
eightball
eighteen
einstein
ejaculation
eldorado
eldridge
election
electric
electrical
electron
electronic
electronics
elegance
elegante
elemental
elements
elephant
elephants
elevation
elevator
elisabeth
elizabeth
ellipsis
emanuele
embalmer
emeralds
emergency
emirates
emmanuel
emotional
emotions
employee
enamorado
enchanted
enchiladas
encyclopedia
endicott
endurance
energize
energizer
enforcer
engineer
engineering
enslaved
enterprise
entertainment
entrance
envelope
envision
ephesian
epiphany
equities
erecting
erection
erickson
ericsson
ernestine
erstwhile
escalade
escargot
escobedo
escudero
esmeralda
especial
esperanza
espresso
essential
establish
estrella
eternity
ethiopia
euphoria
evanescence
evangeline
evangelion
evenings
evenstar
evergreen
everlasting
evermore
everybody
everyday
everyman
everyone
everything
evolution
excalibur
excellence
excellent
excelsior
exchange
exclusive
executive
exercise
exhibits
expedition
expensive
experience
experienced
exploited
explorer
explosion
extension
external
eyeballs
eyelashes
eyeliner
eyeshadow
eyeshield
ezequiel
fabulous
facedown
facultate
fahrenheit
fairbanks
fairfield
fairyland
fairytale
faithful
faithless
falconer
fallback
falltime
falmouth
families
fandango
fantasia
fantasies
fantastic
fantastico
farewell
farmhouse
fastback
fastball
fatality
faulkner
favorite
favorites
favourite
fearless
feathers
features
february
federals
federate
federico
feedback
feelgood
feelings
felicidad
felicity
fellatio
fellowship
ferdinand
ferguson
fernando
ferreira
festival
fidelity
fielding
fighters
fighting
filipina
filipino
fillmore
finances
fingernail
finished
finnegan
fireball
firebird
firebolt
firecracker
firedragon
firefighter
fireflies
firehouse
fireplace
firestone
firestorm
firetrap
firewall
firewater
firework
fireworks
firstborn
fishbone
fishbowl
fisherman
fishpole
fitzgerald
fitzpatrick
flagship
flamenco
flameout
flamingo
flamingos
flanagan
flanders
flapjack
flashback
flashlight
flathead
flawless
fletcher
flexible
flipflop
flippers
flirting
flooring
florence
florinda
flounder
flowerpot
flushing
fontaine
foolproof
football
footballer
foothill
footloose
footprints
forbidden
forecast
forensic
forensics
foreplay
foresight
foreskin
forester
forevermore
forgetful
forgiven
forgiveness
forgotten
forklift
forsaken
forsooth
forsythe
fortitude
fortress
foundation
fountain
fourteen
foxhound
francesco
franchise
francine
francisca
francisco
francois
francoise
frangipani
frankfurt
franklin
franklyn
fransisco
freakish
freakout
freckles
frederic
frederick
frederico
frederik
fredrick
freedman
freelancer
freeland
freeport
freestyle
freestyler
freewill
freshman
freshmen
freshness
friedman
friendly
friendship
frighten
frijoles
frijolito
frogface
froggies
frontier
frostbite
frosting
fruitcake
fugitive
fullback
fullerton
function
fungible
funnyman
furniture
futurama
fuzzball
gabriele
gabriella
gabrielle
galactic
galadriel
galapagos
gallagher
galletas
galloway
galveston
gamaliel
gambeson
gambling
gamecock
gamecocks
gangbang
ganggang
gangster
gangsters
garabato
gardenia
gardiner
garfield
gargoyle
garrison
gasoline
gatekeep
gatekeeper
gateways
gathering
gematria
gemstone
generals
generation
generics
generous
genevieve
genocide
genoveva
gentleman
geoffrey
geography
geometry
georgetown
georgette
georgian
georgiana
geraldine
geranium
gerhardt
germaine
germania
gertrude
gibraltar
giftwrap
gigabyte
gigawatt
gilberto
gilberts
gilgamesh
gillespie
gillette
gilligan
gingerbread
gingernut
gingersnap
giordano
giovanni
giraffes
girasoles
girlfriend
girlfriends
giuliano
giuseppe
gladiator
gladiola
gladstone
glamorous
glendale
glenwood
glitters
glittery
gloriana
glorioso
glorious
gloucester
glowworm
goalkeeper
godchild
godfather
godmother
godspeed
gokuraku
goldberg
goldbird
goldeney
goldeneye
goldfish
goldilocks
gonzales
gonzalez
goodness
goodnight
goodrich
goodwill
goodyear
goofball
gorgeous
gorillas
goslings
gossiper
governor
graceful
gracious
graduate
graduation
graffiti
grandchildren
granddad
grandkids
grandmas
grandmother
grandson
grantham
granville
grapefruit
grapevine
graphics
grasshopper
grateful
graveyard
gravitation
graymail
greatest
greatness
greenfield
greenhill
greenhouse
greenish
greenland
greenleaf
greenwich
greenwood
greetings
gregorio
gremlins
grenoble
gretchen
greyhound
greyhounds
griffith
grilling
griselda
grizzlies
grooming
grounded
guardian
guardians
guatemala
guillaume
guillermo
guineapig
guinevere
guinness
guitarist
gulliver
gumdrops
gumption
gunfight
gunslinger
gutierrez
gymnastic
gymnastics
hacienda
hadassah
haeremai
hairball
hairband
hairbrush
hairdresser
hairdressing
hairspray
halflife
hallelujah
hallmark
halloween
hamburger
hamilton
hammerhead
hampshire
hamsters
handbags
handball
handcuffs
handheld
handicap
handsome
handyman
hangover
hannibal
happening
happiness
harcourt
hardball
hardcase
hardcore
hardhead
hardware
hardwood
harlequin
harriman
harrington
harrison
hartford
hastings
hatfield
hathaway
hatikvah
hatteras
hausfrau
hawaiian
hawthorn
hawthorne
haystack
hazelnut
hazelwood
headache
headhunter
headstrong
heartache
heartbeat
heartbreak
heartbreaker
heartbroken
heartland
heartless
heathers
heavenly
hedgehog
hedonist
heinlein
heinrich
helicopter
hellfire
hellhole
helpless
helsinki
hemingway
henderson
hendrick
hendricks
henrietta
hercules
hereford
heriberto
heritage
hermione
hermitage
hernandez
hernando
herschel
hezekiah
hiawatha
hibernia
hibernian
hibiscus
highland
highlander
highlands
highlife
highlight
highschool
hilarious
hillbilly
hillcrest
hilliard
hillside
himalaya
hindmost
hiroshima
hispanic
historic
hobbyist
holbrook
holidays
holiness
hollister
holloway
hollywood
homebody
homebrew
homecoming
homeland
homeless
homelife
homemade
homesick
homespun
homestead
hometown
homework
homicide
homosexual
honduras
honestly
honeybee
honeybun
honeybunch
honeybuns
honeycomb
honeydew
honeymoon
honeypot
honeysuckle
honeywell
hongkong
honolulu
hooligan
hooligans
hoopster
hoosiers
hopeless
hopscotch
horizons
hormones
horntail
horoscope
horrible
horsebox
horseman
horsemen
horseshit
horseshoe
hospital
hotcakes
hotshots
houghton
housewife
howitzer
huckleberry
huggable
humanity
humberto
humboldt
humidity
humility
hummingbird
humphrey
huntington
huntress
hurricane
hurricanes
hushpuppy
hutchins
hutchinson
hyacinth
hydrogen
hyperion
hypnotic
hysteria
icebreaker
icecream
icehouse
iceskate
iceskating
idealist
identity
ignatius
ignition
illinois
illuminati
illusion
illusions
iloveyou
imaginary
imagination
imbroglio
immaculate
immanuel
immature
immortal
immortality
imperfect
imperial
implants
important
importer
impossible
incognito
incomplete
increase
incredible
independence
independent
indiscretions
indonesia
industrial
industry
inevitable
infamous
infantry
infected
infernal
infinite
infinitum
infinity
inflames
informatica
information
ingenite
innocence
innocent
innocuous
innomine
insanity
insecure
insertion
insertions
insights
insignia
insomnia
insomniac
inspector
inspiration
inspired
installs
instinct
instruct
instructor
insurance
integral
integrity
intelligent
intensity
intercourse
interest
interesting
interior
internal
international
internet
interpol
intranet
intrepid
intrigue
intruder
invasion
inventor
inverness
investor
invictus
invincible
invisible
irishman
ironhead
ironwork
irreplaceable
isabelita
isabella
islander
islanders
istanbul
jabberwocky
jackhammer
jackrabbit
jacksonville
jacobean
jacobsen
jacobson
jacqueline
jailbait
jailbird
jalapeno
jamaican
jamestown
japanese
jaqueline
jasmines
jawbreaker
jealousy
jeannette
jedidiah
jefferson
jellybean
jellybeans
jellyfish
jennifer
jennings
jeopardy
jeremiah
jeremias
jermaine
jerusalem
jingling
jitterbug
joceline
jogjakarta
johannes
johansen
johnathan
johnathon
johnston
jonathan
jonathon
josephine
joystick
juggernaut
julienne
jumpstart
junction
junkyard
jurassic
justicia
justified
juvenile
kalamazoo
kamikaze
kangaroo
kangaroos
katharina
katharine
katherine
kathleen
kathmandu
katmandu
kendrick
kensington
kentucky
kerplunk
kettering
keyboard
keystone
kickapoo
kickball
kilkenny
killerbee
kilmarnock
kilogram
kimberly
kindness
kingfish
kingfisher
kingjames
kingsize
kingsley
kingston
kingwood
kirkland
kissable
kitchens
kiwikiwi
klondike
knickers
knockers
knockout
knothead
knowledge
knowlton
knoxville
knucklehead
knuckles
kristian
kristofer
kristoffer
kristopher
kryptonite
kurdistan
labrador
labyrinth
lacrosse
ladybird
ladybugs
ladykiller
ladylike
ladylove
lafayette
lagrange
lakeland
lakeshore
lakeside
lamination
lamppost
lampshade
lancaster
lancelot
landfall
landmark
landscape
langston
language
lanterns
laserjet
latitude
laughing
laughlin
laughter
laurence
lavender
lawnmower
lawrence
leadership
leapfrog
learning
lebesgue
lectures
leftover
legalize
legendary
leicester
leighton
lemmings
lemonade
leonardo
leoncito
leonidas
leopards
leprechaun
lesbians
leviathan
leviticus
lexington
liberate
liberated
libertad
libertas
libertine
libertines
licorice
lifeguard
lifeless
lifeline
lifesaver
lifestyle
lifetime
lightbulb
lightfoot
lighthouse
lighting
lightning
lightyear
limelight
limerick
lindholm
linebacker
lingerie
lionheart
liposome
lipstick
littledog
littleton
livelong
livermore
liverpool
livingston
llewellyn
lobsters
location
lockhart
lockwood
locomotion
logistic
lokelani
lollipop
lollipops
lollypop
lollypops
loneliness
lonesome
longboat
longhair
longhorn
longhorns
longlegs
longshot
longtime
longwood
lorraine
loudmouth
louisiana
louisville
loveable
lovebird
lovebirds
lovebugs
lovelace
loveland
loveless
lovesick
lowrider
lucretia
ludovico
lumberjack
lunatics
luscious
luxurious
macaroni
macdonald
macedonia
machines
macintosh
mackenzie
madagascar
madeleine
madeline
mademoiselle
madhouse
madrigal
magazine
magdalene
magellan
magician
magnetic
magnificent
magnolia
maharani
mahogany
mainland
mainsail
maintain
majestic
majordomo
majorette
majorettes
makassar
malamute
malaysia
maldives
mamaliga
management
managers
manchester
mandarin
mandingo
mandolin
mandragora
mandrake
manhattan
manicure
manifest
manitoba
manpower
mansfield
mantissa
manuever
manzanita
maracaibo
maranatha
marathon
marauder
marcella
marcello
marcellus
marching
margaret
margarita
marguerite
mariachi
marianna
marianne
marietta
marigold
marihuana
marijuana
marikina
marinate
mariners
mariposa
mariposas
marjorie
marketing
marlboro
marmaduke
marmalade
marquette
marquise
marquito
marriage
marriott
marseille
marshall
marshmallow
marshmallows
martinez
marvelous
maryjane
maryland
marzipan
massacre
massicot
masterman
mastermind
masterpiece
masturbation
matamata
matchbox
material
mathematics
matsumoto
matthews
matthias
matthieu
mattocks
maturity
mauricio
mauritius
maurizio
maverick
mavericks
maximilian
mayberry
mayflower
mccallum
mccarthy
mcconnel
mcconnell
mccormick
mccracken
mcdaniel
mcdermott
mcdonald
mcdowell
mcfadden
mcgregor
mcintosh
mcintyre
mckenzie
mckesson
mckinley
mckinney
mcknight
mclaughlin
mcmillan
mcpherson
meatball
meatballs
meathead
meatloaf
mechanic
mechanical
medellin
medicare
medicine
medieval
meetings
megadeath
megatron
megawatt
melancholy
melbourne
melocoton
meltdown
melville
memorial
memories
mephisto
mercator
mercedes
merchant
merciful
mercurio
meredith
merengue
meridian
mermaids
mesmerize
mesquite
messages
messenger
metairie
metallic
methanol
methodist
metropolis
mexicans
michelin
michelle
michigan
michoacan
microwave
middleton
midnight
military
milkshake
millenium
millennium
millhouse
milliner
millionaire
millions
milwaukee
mindanao
mindless
minister
ministry
minnesota
minority
minotaur
minstrel
miracles
mirkwood
misbegot
mischief
miserable
misericordia
missionary
missions
mississippi
missouri
mistakes
mistletoe
mistress
misunderstood
mitchell
mobility
mockingbird
modeling
moderato
modified
mohammed
molecules
momentum
monarchs
mondrian
moneybags
moneymaker
moneyman
mongolia
mongoose
monkeyface
monmouth
monopoly
monoxide
monrovia
monsieur
monsters
montague
montclair
montenegro
monterey
montessori
montgomery
monticello
montilla
montreal
monumental
moonbeam
moonface
moonflower
moonglow
moonlight
moonshine
moonstone
moonwalk
moreland
morenita
moriarty
mornings
morningstar
morpheus
morphine
morrison
morrissey
mortgage
mortimer
mosquito
motherfucker
motivate
motivation
motocross
motorbike
motorbikes
motorcycle
motorola
mountain
mountains
mounties
mousetrap
movement
muchacha
mudslide
muhammad
mulberry
mulligan
multimedia
munchies
munchkin
municipal
mushroom
mushrooms
musicals
musician
mustangs
mysterious
mystical
mystique
mythology
nameless
nannette
nantucket
napoleon
nashville
nataniel
nathanael
nathanial
nathaniel
national
nationals
naumkeag
nautical
nautilus
navigator
nazarene
nazareth
nebraska
necklace
necromancer
nectarin
nectarine
negative
nehemiah
neighbours
nepenthe
neurosis
neutrino
neverland
nevermind
nevermore
newcastle
newfound
newlywed
newlyweds
newsboys
newspaper
nicaragua
niceties
nicholas
nicholls
nicholson
nickelodeon
nicknack
nickname
nickolas
nicotina
nietzsche
nightcrawler
nightfall
nighthawk
nightingale
nightlife
nightmare
nightshade
nikolaus
nineteen
nocturnal
nocturne
noisette
nonsense
normandy
northeast
northern
northwest
nosedive
nosering
nostalgia
nostradamus
notebook
notorious
nottingham
november
nutcracker
nuthouse
nutrition
oblivion
obsessed
obsession
obsidian
oceanography
oceanside
octavian
odonnell
official
offshore
offspring
oklahoma
oldsmobile
oleander
olivetti
olympics
oncology
onomatopoeia
operation
operator
optimist
optimistic
optimize
orangutan
orchestra
ordering
ordinary
oriental
original
osbourne
outdoors
outfield
outrageous
outreach
outsider
outsiders
ovariole
overcome
overdose
overdrive
overflow
overkill
overload
overlord
overtime
pachanga
pacifica
pacifico
paddocks
painkiller
painless
painters
painting
pakistan
pakistani
palabras
palestine
palisade
palmetto
palmilla
palmiste
palmolive
palomino
pampanga
pampered
pancakes
panchito
pandects
pandemonium
panorama
pantaleon
pantalon
panthers
pantyhose
paparazzi
paperboy
paperclip
papillon
parabola
paracetamol
parachute
paradigm
paradise
paraguay
parakeet
paralegal
paramedic
paramount
paranoia
paranoid
paranormal
parapack
parasang
parasite
parkinson
parkland
parliament
parramatta
partizan
partners
pasadena
pasquale
passages
passionate
passionfruit
passions
passover
passport
password
password1
password12
password123
passwords
pastrami
patented
patenter
paterson
pathetic
pathfind
pathfinder
pathways
patience
patients
patricia
patricio
patriots
patterson
paulette
pavement
pavilion
payments
peaceful
peacemaker
peaceman
peachtree
peasants
pedigree
peekaboo
pembroke
pendency
pendente
pendragon
penelope
penetrating
penetration
penguins
pennywise
pensacola
pentagon
pentagram
pentarch
penthouse
peperoni
peppered
pepperer
peppermint
pepperoni
percents
percival
percolate
percussion
peregrin
peregrina
perfecta
perfection
perfecto
performance
pericles
periwinkle
pernancy
perpetual
pershing
persimmon
personal
peruvian
petersen
peterson
phantoms
pharmacist
pharmacy
philadelphia
philemon
philippa
philippine
philippines
phillips
photograph
photography
photosynthesis
physical
pickering
pictures
piedmont
piercing
pigtails
pilchard
pilipino
pimentel
pimienta
pineapple
pineapples
pinecone
pinewood
pinkerton
pinkfish
pinkness
pinkster
pinnacle
pioneers
pioupiou
pipeline
pipsqueak
piscator
pistache
pistachio
pitchers
pittsburgh
plankton
planners
planning
planters
plastics
platelet
platinum
platypus
playboys
playgirl
playground
playhouse
playmaker
playmate
playoffs
playtime
pleasant
pleasure
plectrum
pleiades
plumbing
plymouth
poignant
poisonous
pokerface
polaroid
policeman
politics
polkadot
polkadots
pollster
polluted
pollyanna
polynomial
pondering
ponderosa
pontianak
ponytail
poohbear
poppycock
poppyseed
popsicle
porkchop
pornographic
pornography
porridge
portable
portland
portsmouth
portugal
poseidon
position
positive
possible
postmaster
potatoes
pouching
poulette
pounding
powerful
powerhouse
practice
prankster
preacher
precious
precured
predator
preenter
pregnant
premiere
prentice
preschool
prescott
presents
president
presidente
pressure
prestige
pretender
prettyface
pretzels
priceless
primavera
primrose
princesa
princess
princesse
princesses
princeton
principal
principe
printers
printing
priscilla
prisonbreak
prisoner
pristine
pritchard
probation
problems
producer
professional
professor
programs
progress
projects
prometheus
promises
pronator
property
prophecy
proposal
prospect
prosperity
prospero
protected
protection
proteins
prototype
protozoa
proverbs
providence
provider
provides
province
provosts
prudence
psychedelic
psychology
psychotic
puckered
puckster
puffball
pumpkins
pungency
punisher
puppetry
purchase
pureblood
purparty
pussycat
pussycats
pyramids
quagmire
quantico
quaresma
quarters
queenbee
question
questions
quetzalcoatl
quicksilver
quinones
quitting
qwertyui
rachmaninoff
radcliffe
radiation
radiator
radiology
radishes
rafferty
ragamuffin
ragnarok
railroad
raimundo
rainbows
raindrop
raindrops
rainfall
rainforest
rainmaker
ramblers
rambutan
ranchero
randolph
randomness
raspberry
rastafarian
rational
rattlers
rattlesnake
razorback
reaction
rebellion
reckless
recovery
redbeard
redbirds
reddragon
redeemed
redeemer
redefine
redemption
redheads
redheart
redhorse
rednecks
redshift
redshirt
redskins
redwings
referral
reflection
refresco
regalado
reginald
regional
register
registration
regulator
reinaldo
reindeer
reinhold
rejected
relation
relative
reliance
religion
reloaded
remember
reminder
remington
rendezvous
renegade
renegades
renegado
reporter
represent
reptiles
reptilia
republic
republica
research
reserved
resident
resource
response
restaurant
restless
retarded
retorted
retrieve
retrofit
retrospect
revelation
revision
revolution
revolver
reynaldo
reynolds
rhapsody
rhinestone
ribosome
riccardo
richardo
richards
richardson
richmond
ricochet
ridgeway
riffraff
rifleman
righteous
ringmaster
ringworm
rivendell
riverside
roadhead
roadhouse
roadrunner
roadster
robertson
robinson
robotics
rochelle
rochester
rockford
rockland
rockwell
rockwood
roderick
rodriguez
rolypoly
romantic
rooftops
roommate
roosevelt
roosters
rosalind
rosaline
rosebuds
rosebush
rosehill
rosemary
rosewood
rotterdam
rottweiler
roulette
rounders
runnings
rush2112
rushmore
rutherford
ruthless
rutledge
sabotage
sackings
sacramento
sacrifice
sagitarius
sagittarius
sailboat
sailfish
salamander
salamandra
salesman
salinger
salisbury
saltwater
salvador
salvation
salvatore
samantha
sampaguita
samsonite
sanction
sanctuary
sanderson
sandstorm
sandunga
sandusky
sandwich
sangreal
santiago
sapphire
sarasota
saratoga
sardonyx
sassafras
satellit
satellite
satisfaction
saturant
saturate
saturday
saunders
sausages
savannah
sawbones
saxophone
sayonara
scabbard
scampers
scandalous
scandent
scandinavian
scandium
scarecrow
scarface
scarlets
scavenge
sceptred
schedule
schiller
schimmel
schmucks
schnapps
schnauzer
schnecke
schneider
schoolboy
schoolgirl
schooner
schroeder
schumacher
schumann
schuyler
schwartz
scientist
scirocco
scissors
scituate
scooters
scorpion
scorpions
scorpios
scotland
scotties
scottish
scouting
scrabble
scramble
scrambler
scranton
scrapbook
scrapper
scratchy
screamer
screener
screwball
scribble
scribbles
sculling
scuppers
scutcher
seacraft
seagulls
seahorse
searching
seashell
seashells
seashore
seatbelt
sebacate
sebastian
sebastien
secretary
secundus
security
sedation
sediment
seduction
seductive
seigneur
seminary
seminole
seminoles
senators
senorita
sensation
sensible
sensitive
sentence
sentient
sentimental
sentinel
sephiroth
september
sequence
seraphim
serenade
serenata
serendipity
serenity
sergeant
seriously
serrated
serviced
services
sessions
settings
sevenfold
seventeen
sexiness
seychelles
shadowfax
shakespeare
shambles
shameless
shamrock
shamrocks
shanghai
sharking
shattered
shatters
shearing
sheepdog
sheffield
shekinah
shellman
shepherd
sheppard
sheraton
sherbert
sheridan
sherlock
sherrill
sherwood
shetland
shilling
shingler
shingles
shipping
shithead
shockers
shocking
shockwave
shoelace
shoemaker
shooters
shooting
shootout
shopaholic
shopgirl
shopping
shortcake
shorties
shortstop
shoveler
showboat
showcase
showdown
showgirl
showgirls
showstopper
showtime
shredder
shrewsbury
shutdown
shutters
siberian
siblings
sickness
sidekick
sideshow
sidewalk
sideways
sidewinder
signature
silencer
silverfish
silvester
simplest
simplicity
simplify
sinclair
singapore
singleton
singsing
singsong
sinister
sisterhood
sixpence
sixtynine
sixtyone
skateboard
skateboarding
skatepark
skeeters
skeleton
skinhead
skinless
skippers
skittled
skittles
skydiver
skylight
slapshot
slattery
slaughter
sledding
sleeping
sleepless
sleepyhead
slickest
slingshot
slipknot
slippers
slippery
slovakia
slowdown
slowpoke
smackers
smartass
smarties
smashing
smithers
smokepot
smooches
smoothie
smoothies
snakebite
snapshot
sneakers
snickers
sniffing
sniffles
snookums
snowball
snowballs
snowbell
snowbird
snowbunny
snowdrop
snowfall
snowflake
snowflakes
snowshoe
snuffles
snuggles
sobriety
sociales
sociology
socrates
softball
software
soldiers
solitaire
solitary
solitude
solstice
solution
solutions
sombrero
somebody
somerset
something
sometime
sometimes
somewhen
somewhere
songbird
sonofabitch
sophomore
sopranos
sorrento
southampton
southeast
southern
southpaw
southwest
sovereign
spaceman
spaceship
spagetti
spaghetti
spalding
spangler
spanking
sparhawk
sparkles
sparkling
sparkplug
sparrows
spartans
spaulding
speakers
spearmint
specials
speckles
spectacular
spectate
spectral
spectrum
speedster
speedway
spelling
speranza
spiderman
spidermonkey
spiderweb
spinners
spinning
spirited
spiritual
spitfire
spitting
splendid
splinter
spongebob
sporting
spotlight
spottail
spreaded
spreader
springer
springfield
springtime
sprinkle
sprinkles
sprinter
sprocket
spyglass
squatted
squeaker
squeakers
squiggle
squiggles
squirrel
srinivas
staffier
staffing
stafford
stagecoach
stainless
stairway
stalkers
stallion
stallions
stamford
stampede
standard
stanford
stannary
stannate
staplers
stapleton
starbright
starbuck
starcraft
stardust
starfish
starfruit
stargaze
stargazer
starlight
starling
starlite
starshine
starship
starstruck
starters
starting
startrek
starwars
statement
stauffer
steelers
steenbok
steering
stephane
stephanie
stephano
stephens
sterling
steroids
stevenson
stickers
stickman
stiffler
stigmata
stiletto
stillborn
stillwater
stingers
stingray
stingrays
stinkbug
stinkers
stirling
stitches
stockcar
stockholm
stocking
stockton
stoneman
stonewall
straight
stranded
strander
stranger
strangers
strangle
strapper
strategi
strategy
stratford
stratton
strawberries
strawberry
streaming
strength
stressed
stricker
strickland
strickle
strikers
stringer
stripped
stripper
strippers
striptease
strongbow
stronger
stronghold
strongman
struggle
stubborn
students
stuffing
stunners
stunning
stuntman
stupidity
stuttgart
subarray
subentry
suberane
suberate
submarine
subrange
subspace
substage
substant
substate
suburban
successful
succubus
sugarcane
sugarplum
sugarsweet
suicidal
sukiyaki
sullivan
summerland
summertime
sunburst
sundress
sunflower
sunflowers
sunglass
sunglasses
sunlight
sunshine
sunshines
superadd
superbad
supercool
supercow
superduper
superhero
superhuman
superior
superman
supermen
supermom
supernatural
supernova
superpower
supersonic
superstage
superstar
superstars
superuser
supervisor
superwoman
supplier
supplies
supported
surfboard
surgical
suriname
surprise
surrender
surveyor
survival
survivor
suspense
sutherland
swastika
sweetest
sweetheart
sweethearts
sweeties
sweetman
sweetness
swimming
swingers
swinging
switzerland
swordfish
swordsman
sycamore
sylvania
sylvester
symmetry
symphony
syracuse
tacloban
tailgate
tailwind
takedown
takeover
talented
talisman
tallywag
tamarind
tamworth
tangency
tangerine
tanzania
tarantas
tarantula
targeted
tarragon
tartrate
tasmania
tattered
tauranga
teachers
teaching
teammate
teamwork
teardrop
teardrops
teaspoon
technical
technics
techniques
technology
teenager
teenagers
telecaster
telephone
teleport
television
televisor
templeton
temporal
temporary
temptation
temptress
tenacious
tendence
tendency
tenderer
tennessee
tennyson
tequiero
tequilla
teriyaki
terminal
terminator
terrance
terrapin
terrella
terrence
terrible
terriers
terrific
terrorist
testament
tetrarch
textiles
thaddeus
thailand
thanatos
thankful
thanking
thankyou
thatcher
theatres
thechief
theodora
theodore
therapist
thespian
thickness
thinking
thirteen
thompson
thornton
thoughts
thousand
thrasher
threaded
threader
threaten
threesome
thresher
thriller
throttle
thuggish
thunderbird
thunderbolt
thunders
thunderstorm
thursday
thurston
tiberian
tiberius
tickling
ticklish
ticktock
tictactoe
tigereye
tigereyes
tikitiki
timberland
timecard
timeless
tinkerbell
tintable
tipperary
titanium
toenails
together
tomahawk
tomatoes
tombstone
tomlinson
tomorrow
toothbrush
toothpaste
toothpick
topflight
topnotch
topography
torchwood
tormenta
tornadoes
torrance
torrence
tortilla
tortoise
touchdown
touching
townsend
toxicity
tracking
trackman
tractate
traction
tractors
trademark
trailers
trainers
training
trampoline
transfer
transform
transformer
transformers
transport
transput
trappist
traveler
traveling
traveller
traverse
treasure
treasures
treasury
treenail
treetops
tremaine
tremayne
trencher
tressure
triangle
trickster
tricolor
trillian
trillion
trinchera
trinidad
trinitro
trioxide
triplets
triskelion
tristania
tristate
tristeza
trollers
trombone
tropical
troubled
troublemaker
troubles
trousers
troutman
truckers
trucking
trueblue
truelove
truffles
trumpets
trustees
trusting
trustno1
truthful
tuesdays
tumbling
tungsten
tuppence
tuppenny
turnback
turntable
turquoise
tweenies
twentyeight
twentyfive
twentyfour
twentynine
twentyone
twentyseven
twentysix
twentythree
twentytwo
twilight
twinkles
twirling
twisters
typecast
typewriter
typology
ultimate
ultraviolet
umbrella
unbelievable
unbreakable
undelete
undercover
underdog
underground
underpants
underscore
understand
undertaker
undertow
underwater
underwear
underwood
underworld
unfabulous
unfaithful
unforgiven
unicorns
universal
universe
university
unleashed
unlimited
unpredictable
unpretty
untitled
untouchable
unwanted
unwritten
upgraded
uprising
upsidedown
upstairs
ursuline
vacation
vagabond
valdemar
valencia
valentin
valentine
valentines
valentino
valhalla
valiance
valkyrie
valletta
vampires
vanadium
vancouver
vanguard
vanquish
variable
vascular
vaseline
vauxhall
vegetable
velasquez
velocity
vendetta
venezuela
vengeance
ventures
verbatim
vermilion
vermillion
veronica
veronicas
versatile
vertical
victoria
victorian
videogames
vigilant
vigilante
vindicated
vineyard
violator
violence
violette
virgilio
virginia
virginity
virtuous
vitamins
vitreous
vladimir
vocalist
volkswagen
volleyball
voltaire
volunteer
vulnerable
waitress
wakefield
waldemar
walkaway
wallpaper
waltdisney
wamozart
wanderer
wanderers
warcraft
wardrobe
warehouse
warlords
warriors
washburn
washington
wasteland
wasteman
watanabe
watching
watchout
waterbed
waterbottle
waterfall
waterfalls
waterlily
waterloo
waterman
watermelon
watermelons
waterski
weakness
weddings
wednesday
weekends
welcomed
welcomes
welldone
wellington
wellness
werewolf
westbrook
westerly
westfield
weymouth
whatever
wheelchair
wheeling
whenever
whiplash
whiskers
whispers
whistler
whitaker
whiteboy
whitehall
whitehead
whitehorse
whiteout
whitetail
whitlock
whittier
wholesale
wildcard
wildcats
wildfire
wildflower
wildland
wildlife
wildwood
wilkinson
williams
williamsburg
williamson
wilmington
winchester
windfall
windmill
windsurf
winfield
winifred
winnipeg
winthrop
wireless
wisconsin
wishbone
wisteria
witchcraft
wolfgang
wolverine
wolverines
womanizer
wonderful
wondering
wonderland
wonderwoman
woodbine
woodchuck
woodcock
woodfish
woodhorse
woodhouse
woodland
woodlands
woodlawn
woodpecker
woodroof
woodruff
woodside
woodstock
woodward
woodwind
woodwork
woodworking
woodworm
worcester
workshop
worldwide
wormwood
worthless
wrangler
wrestler
wrestling
wrinkles
xaverian
xxxxxxxx
yachting
yarmouth
yearbook
yellowbird
yellowstone
yesterday
yokohama
yokozuna
yorkshire
yorktown
yosemite
youngers
youngest
youngster
yourself
zachariah
zalophus
zanzibar
zapatero
zechariah
zeppelin
zimbabwe
zimmerman
zookeeper
zugzwang
